=== RUN   TestAuthController_Login
=== RUN   TestAuthController_Login/Success
    controller_test.go:87: 
        	Error Trace:	/home/prince/githuh_dir/task-management-api-go/internal/auth/controller_test.go:87
panic: runtime error: invalid memory address or nil pointer dereference
[signal SIGSEGV: segmentation violation code=0x1 addr=0x5b8 pc=0x109ee5e]

goroutine 14 [running]:
github.com/Prince-Letsyo/task-management-api-go/internal/auth.newAuthController.(*authController).login.func8(0xc00033b208)
	/home/prince/githuh_dir/task-management-api-go/internal/auth/controller.go:220 +0x2fe
github.com/gofiber/fiber/v2.(*Ctx).Next(0xc0003a4c30?)
	/home/prince/githuh_dir/task-management-api-go/vendor/github.com/gofiber/fiber/v2/ctx.go:1039 +0x3d
github.com/Prince-Letsyo/task-management-api-go/internal/middleware.LoginMiddleWare.Validate({{0x15c4590?, 0xc0003a4be0?}, {0x15b6f40?, 0xc0003a4c30?}}, 0xc00033b208, 0xc000501be0)
	/home/prince/githuh_dir/task-management-api-go/internal/middleware/login.go:90 +0x2c5
github.com/Prince-Letsyo/task-management-api-go/internal/middleware.(*loginMiddleWare).ValidateLoginPost(0xc000012b10, 0xc00033b208)
	/home/prince/githuh_dir/task-management-api-go/internal/middleware/login.go:33 +0x45
github.com/gofiber/fiber/v2.(*App).next(0xc00031ef08, 0xc00033b208)
	/home/prince/githuh_dir/task-management-api-go/vendor/github.com/gofiber/fiber/v2/router.go:143 +0x1a7
github.com/gofiber/fiber/v2.(*App).handler(0xc00031ef08, 0x4bd7b3?)
	/home/prince/githuh_dir/task-management-api-go/vendor/github.com/gofiber/fiber/v2/router.go:170 +0x69
github.com/valyala/fasthttp.(*Server).serveConn(0xc0002f1448, {0x15c6f08, 0xc0003a4d20})
	/home/prince/githuh_dir/task-management-api-go/vendor/github.com/valyala/fasthttp/server.go:2455 +0x11cd
github.com/valyala/fasthttp.(*Server).ServeConn(0xc0002f1448, {0x15c6f08?, 0xc0003a4d20?})
	/home/prince/githuh_dir/task-management-api-go/vendor/github.com/valyala/fasthttp/server.go:2095 +0xb8
github.com/gofiber/fiber/v2.(*App).Test.func1()
	/home/prince/githuh_dir/task-management-api-go/vendor/github.com/gofiber/fiber/v2/app.go:950 +0x6e
created by github.com/gofiber/fiber/v2.(*App).Test in goroutine 11
	/home/prince/githuh_dir/task-management-api-go/vendor/github.com/gofiber/fiber/v2/app.go:942 +0x39f
FAIL	github.com/Prince-Letsyo/task-management-api-go/internal/auth	0.063s
FAIL
